<!DOCTYPE html>
<!--
# Copyright (C) 2017 INRA
#
# This program is free software: you can redistribute it and/or modify
# it under the terms of the GNU General Public License as published by
# the Free Software Foundation, either version 3 of the License, or
# (at your option) any later version.
#
# This program is distributed in the hope that it will be useful,
# but WITHOUT ANY WARRANTY; without even the implied warranty of
# MERCHANTABILITY or FITNESS FOR A PARTICULAR PURPOSE.  See the
# GNU General Public License for more details.
#
# You should have received a copy of the GNU General Public License
# along with this program.  If not, see <http://www.gnu.org/licenses/>.
-->
<html>
	<head>
		<title>FROGS Tree</title>
		<meta charset="UTF-8">
		<meta name="version" content="2.0.1">
		<!-- CSS -->
		<link rel="stylesheet" href="https://cdnjs.cloudflare.com/ajax/libs/twitter-bootstrap/4.1.1/css/bootstrap.css"></link>
		<link rel="stylesheet" href="https://cdn.datatables.net/1.10.19/css/dataTables.bootstrap4.min.css"></link>
		<link href="https://maxcdn.bootstrapcdn.com/font-awesome/4.7.0/css/font-awesome.min.css" rel="stylesheet">
		<style type="text/css">
			#js-alert {
				width: 90%;
				margin-right: auto;
				margin-left: auto;
			}
			#content {
				width: 90%;
				margin-right: auto;
				margin-left: auto;
			}
			.clear {
				clear: both;
				height: 0px;
				width: 100%;
				float: none !important;
			}
			ul.nav-tabs {
				margin-bottom: 30px;
			}
			
			.page-item.active .page-link {
				z-index: 1;
				color: #fff;
				background-color: #8EADAC;
				border-color: #8EADAC;
			}
			
			.btn {
				color: #fff;
				border:#8EADAC;
				background-color: #8EADAC;
			}
			.btn:focus, .btn:active {
				outline: none !important;
				box-shadow: none !important;
			}
			.btn:hover:enabled{
				color: #fff;
				border:#648a89;
				background-color: #648a89;
				cursor:pointer !important;
			}
			
			.pb-2, .py-2 {
				padding-bottom: 1.5rem !important;
				margin-bottom: 2rem !important;
				margin-top: 4rem !important;
			}
			.pb-2-first{
				padding-bottom: 1.5rem !important;
				margin-bottom: 2rem !important;
				margin-top: 1rem !important;
			}
			.nav-tabs .nav-link.active, .nav-tabs .nav-item.show .nav-link{
				color: #fff;
				background-color: #8EADAF;
				border-color: #dee2e6 #dee2e6 #fff;
			}
			a {
				color: #8EAEAF;
			}
			a:hover{
				color:#648a89;
			}
			
			/* ##### THEME FOR CHECKBOXES ##### */
			.container {
				position: relative;
				padding-left: 35px;
				margin-bottom: 12px;
				cursor: pointer;
				-webkit-user-select: none;
				-moz-user-select: none;
				-ms-user-select: none;
				user-select: none;
			}

			/* Hide the browser's default checkbox */
			.container input {
				position: absolute;
				opacity: 0;
				cursor: pointer;
			}

			/* Create a custom checkbox */
			.checkmark {
				position: absolute;
				top: 0;
				left: 0;
				height: 25px;
				width: 25px;
				background-color: #8EADAC;
				border-radius: 5px;
				opacity:0.65;
			}

			/* On mouse-over, add a grey background color */
			.container:hover input ~ .checkmark {
				background-color: #648a89;
			}

			/* When the checkbox is checked, add a blue background */
			.container input:checked ~ .checkmark {
				background-color: #8EADAC;
				opacity:1;
			}

			/* Create the checkmark/indicator (hidden when not checked) */
			.checkmark:after {
				content: "";
				position: absolute;
				display: none;
			}

			/* Show the checkmark when checked */
			.container input:checked ~ .checkmark:after {
				display: block;
			}

			/* Style the checkmark/indicator */
			.container .checkmark:after {
				left: 9px;
				top: 5px;
				width: 5px;
				height: 10px;
				border: solid white;
				border-width: 0 3px 3px 0;
				-webkit-transform: rotate(45deg);
				-ms-transform: rotate(45deg);
				transform: rotate(45deg);
			}
			/* ##### END THEME CHECKBOXES ##### */
			.highcharts-button > path{
				stroke:#fff !important;
				fill:#8EADAC !important;
			}
			g.highcharts-button{
				cursor:pointer !important;
			}
			g.highcharts-button:hover{
				color: #fff;
				border:#648a89;
				background-color: #648a89;
				background-color: #648a89;
				cursor:pointer !important;
			}
            ul.nav-pills {
				margin-bottom: 30px;
			}
			.clear {
				clear: both;
				height: 0px;
				width: 100%;
				float: none !important;
            }
            #phylocanvas {
                width: 1150px;
                height: 1112px;
            }
            .onoffswitch {
                position: relative; width: 90px;
                -webkit-user-select:none; -moz-user-select:none; -ms-user-select: none;
            }
            .onoffswitch-checkbox {
                display: none;
            }
            .onoffswitch-label {
                display: block; overflow: hidden; cursor: pointer;
                border: 2px solid #999999; border-radius: 20px;
            }
            .onoffswitch-inner {
                display: block; width: 200%; margin-left: -100%;
                transition: margin 0.3s ease-in 0s;
            }
            .onoffswitch-inner:before, .onoffswitch-inner:after {
                display: block; float: left; width: 50%; height: 30px; padding: 0; line-height: 30px;
                font-size: 14px; color: white; font-family: Trebuchet, Arial, sans-serif; font-weight: bold;
                box-sizing: border-box;
            }
            .onoffswitch-inner:before {
                content: "ON";
                padding-left: 10px;
                background-color: #34A7C1; color: #FFFFFF;
            }
            .onoffswitch-inner:after {
                content: "OFF";
                padding-right: 10px;
                background-color: #EEEEEE; color: #999999;
                text-align: right;
            }
            .onoffswitch-switch {
                display: block; width: 18px; margin: 6px;
                background: #FFFFFF;
                position: absolute; top: 0; bottom: 0;
                right: 56px;
                border: 2px solid #999999; border-radius: 20px;
                transition: all 0.3s ease-in 0s; 
            }
            .onoffswitch-checkbox:checked + .onoffswitch-label .onoffswitch-inner {
                margin-left: 0;
            }
            .onoffswitch-checkbox:checked + .onoffswitch-label .onoffswitch-switch {
                right: 0px; 
            }
		</style>
        <script type="application/javascript" src="https://cdn.rawgit.com/phylocanvas/phylocanvas-quickstart/v2.8.1/phylocanvas-quickstart.js"></script>
        <script src="https://code.jquery.com/jquery-3.1.1.slim.min.js"></script>
        <script src="https://maxcdn.bootstrapcdn.com/bootstrap/3.3.7/js/bootstrap.min.js"></script>
		<script type="text/javascript" src="https://code.jquery.com/jquery-2.1.3.min.js"></script>
		<script type="text/javascript" src="https://code.highcharts.com/4.1.4/highcharts.js"></script>
		<script type="text/javascript" src="https://code.highcharts.com/4.1.4/modules/exporting.js"></script>
		<script type="text/javascript" src="https://cdn.datatables.net/1.10.6/js/jquery.dataTables.min.js"></script>
		<script type="text/javascript" src="https://cdn.datatables.net/1.10.19/js/dataTables.bootstrap4.min.js"></script>
		<script src="https://stackpath.bootstrapcdn.com/bootstrap/4.1.1/js/bootstrap.min.js" integrity="sha384-smHYKdLADwkXOn1EmN1qk/HfnUcbVRZyYmZ4qpPea6sjB/pTJ0euyQp0Mk8ck+5T" crossorigin="anonymous"></script>
		<script type="text/javascript">
			/*
			 * HTMLTable.js 0.1.0 - HTMLTable Library
			 *
			 * Copyright (c) 2015 Escudie Frederic
			 * Licensed under the MIT (http://www.opensource.org/licenses/mit-license.php) license.
			 */
			function HTMLtable(e){var t,r,n=e,a=";";this.deleteColumns=function(e){for(var a=n.getElementsByTagName("tr"),o=0;o<a.length;o++){s=0;var i=a[o].getElementsByTagName("td");0==i.length&&(i=a[o].getElementsByTagName("th"));for(var v=0,s=0;s<t[1];s++)if(!r[o][s]){var f=i[v].getAttribute("colspan");if(null!=f)for(var m=0;f>m;m++){if(in_array(s+m,e)){var u=i[v].getAttribute("colspan");u-1==0?i[v].removeAttribute("colspan"):i[v].setAttribute("colspan",u-1)}if(null==i[v].getAttribute("colspan")){var h=i[v];a[o].removeChild(h),v--}}else if(in_array(s,e)){var h=i[v];a[o].removeChild(h),v--}v++}}l(),g()},this.filter=function(e,a){var l=new RegExp(e),g=new Array;null!=a&&a||(g.c0=!0);for(var o=n.getElementsByTagName("tr"),i=0;i<o.length;i++){f=0;var v=o[i].getElementsByTagName("td");if(0!=v.length)for(var s=0,f=0;f<t[1];f++)r[i][f]||(l.test(v[s].innerHTML)&&(g["c"+f]=!0),s++)}for(var m=new Array,u=0;u<t[1];u++)void 0===g["c"+u]&&m.push(u);this.deleteColumns(m)},this.getModel=function(){return n};var l=function(){for(var e=0,r=0,a=n.getElementsByTagName("tr"),l=0;l<a.length;l++){var g=0;e++;var o=a[l].getElementsByTagName("td");0==o.length&&(o=a[l].getElementsByTagName("th"));for(var i=0;i<o.length;i++){var v=o[i].getAttribute("colspan");g+=null==v?1:parseInt(v)}g>r&&(r=g)}t=new Array(2),t[0]=e,t[1]=r},g=function(){r=new Array(t[0]);for(var e=0;e<t[0];e++){r[e]=new Array(t[1]);for(var a=0;a<t[1];a++)r[e][a]=!1}for(var l=n.getElementsByTagName("tr"),g=0;g<l.length;g++){v=0;var o=l[g].getElementsByTagName("td");0==o.length&&(o=l[g].getElementsByTagName("th"));for(var i=0,v=0;v<t[1];v++)if(!r[g][v]){var s=0,f=0,m=o[i].getAttribute("rowspan");null!=m&&(s=parseInt(m)-1);var u=o[i].getAttribute("colspan");null!=u&&(f=parseInt(u)-1);for(var h=s;h>=0;h--)for(var y=f;y>=0;y--)(0!=h||0!=y)&&(r[g+h][v+y]=!0);i++}}};this.replace=function(e,a,l){var g=new RegExp(e);null==a&&(a=""),null==l&&(l="");for(var o=n.getElementsByTagName("tr"),i=0;i<o.length;i++){f=0;var v=o[i].getElementsByTagName("td");if(0!=v.length)for(var s=0,f=0;f<t[1];f++)if(!r[i][f]){var m=g.exec(v[s].innerHTML);null!=m&&(void 0===m[1]&&(m[1]=""),v[s].innerHTML=a+m[1]+l),s++}}},this.toCSV=function(){for(var e="",l=n.getElementsByTagName("tr"),g=0;g<l.length;g++){var o=l[g].getElementsByTagName("td");0==o.length&&(o=l[g].getElementsByTagName("th"));for(var i=0,v=0;v<t[1];v++)r[g][v]||(e+=o[i].innerHTML,i++),e+=a;e=e.substr(0,e.length-1)+"\n"}return e},l(),g()}var in_array=function(e,t){for(var r in t)if(t[r]==e)return!0;return!1};
			
			/*
			 * dataTableExtractor.plugin.js 0.1.0 - datatableExport Library
			 *
			 * Copyright (c) 2015 Escudie Frederic
			 * Licensed under the MIT (http://www.opensource.org/licenses/mit-license.php) license.
			 */
			!function(t){t.fn.datatableExport=function(a){var e={anchor_id:t(this).attr("id"),table_id:null,csv_separator:";",omitted_columns:[]},n=t.extend(e,a);if(!t(this).length)throw"The element where the datatableExport is called does not exist.";if(void 0==n.anchor_id)throw"The datatableExport plugin must be called on an element with id.";if(null==n.table_id)throw"You must set the table_id parameter in datatableExport plugin.";if(!t("#"+n.table_id))throw"The datatable '#"+n.table_id+"' cannot be retieve in DOM.";return this.each(function(){var a=t(this);a.on("click",function(){t.fn.datatableExport.csv(n.anchor_id,n.table_id,n.csv_separator,n.omitted_columns)})})},t.fn.datatableExport.cleanCellMarkup=function(a,e){t.parseHTML(e);t("#"+a).append('<div class="hidden data-tmp">'+e+"</div>"),t("#"+a+" .data-tmp").find("input").each(function(){var a="";a=t(this).is(":checkbox")?t(this).is(":checked")?"true":"false":t(this).val(),t(this).replaceWith(a)});var n=t("#"+a+" .data-tmp").text();return t("#"+a+" .data-tmp").remove(),n},t.fn.datatableExport.csv=function(a,e,n,i){var l="",r=t("#"+e).DataTable(),d=t("#"+e+" thead")[0],o=new HTMLtable(d.cloneNode(!0));o.deleteColumns(i),l+=o.toCSV();var c=r.rows().data();t.each(c,function(e,n){for(var r="",d=0;d<n.length;d++)-1==t.inArray(d,i)&&(r+='"'+t.fn.datatableExport.cleanCellMarkup(a,n[d])+'";');""!=r&&(r=r.slice(0,-1)),l+=r+"\n"}),t("#"+a+"-extract-csv").length||t("#"+a).append('<a id="'+a+'-extract-csv" href="data:text/csv;charset=UTF-8,'+encodeURI(l)+'" download="data.csv" style="display:none;"></a>'),t("#"+a+"-extract-csv")[0].click()}}(jQuery);
		</script>
		<script type="text/javascript">
			/**
			 * Returns the string representation of the number. 
			 * @param pValue {Float} The number to process.
			 * @return {String} The string representation (example: 12856892.11111 => 12,856,892.11).
			 */
		    var numberDisplay = function( pValue ){
		    	var new_val = "" ;
		    	if( ("" + pValue + "").indexOf(".") != -1 ){
		    		new_val = pValue.toFixed(2).replace(/(\d)(?=(\d{3})+\b)/g, '$1,');
		    	} else {
		    		new_val = pValue.toFixed().replace(/(\d)(?=(\d{3})+\b)/g, '$1,');
		    	}
		        return new_val ;
		    }
		    // Radializes colors
			Highcharts.setOptions({
				 colors : ['#8EADAC', '#DE9F73'] ,
				});
				Highcharts.SVGRenderer.prototype.symbols.download = function (x, y, w, h) {
				var path = [
					// Arrow stem
					'M', x + w * 0.5, y,
					'L', x + w * 0.5, y + h * 0.7,
					// Arrow head
					'M', x + w * 0.3, y + h * 0.5,
					'L', x + w * 0.5, y + h * 0.7,
					'L', x + w * 0.7, y + h * 0.5,
					// Box
					'M', x, y + h * 0.9,
					'L', x, y + h,
					'L', x + w, y + h,
					'L', x + w, y + h * 0.9
				];
				return path;
			};
			/* Radial gradient ?*/
			Highcharts.getOptions().colors = Highcharts.map(Highcharts.getOptions().colors, function (color) {
				return {
					radialGradient: { cx: 0.5, cy: 0.3, r: 0.7 },
					stops: [
						[0, color],
						[1, Highcharts.Color(color).brighten(-0.1).get('rgb')] // darken
					]
				};
			});
		    
			/**
			 * Returns the HTML table representation of the data. 
			 * @param pCategories {Array} The title of each column.
			 * @param pData {Array} 2D matrix with row and column data.
			 * @return {String} The HTML table representation.
			 */
			var table = function( pCategories, pData  ) {
				// Header
				
				var table_header = '' ;
				var table_header_line = "" ;
				for(var idx = 0 ; idx < pCategories.length ; idx++){
					table_header_line += "      <th>" + pCategories[idx] + "</th>\n" ;
				}
				table_header += "    <tr>\n" + table_header_line + "    </tr>\n" ;
				table_header = "  <thead>\n" + table_header + "  </thead>\n" ;
				
				// Body
				var table_body = '' ;
				for(var data_idx = 0 ; data_idx < pData.length ; data_idx++){
					var table_body_row = "" ;
					for(var category_idx = 0 ; category_idx < pCategories.length ; category_idx++){
						if( typeof pData[data_idx][category_idx] === "number" ) {
							table_body_row += "      <td>" + numberDisplay(pData[data_idx][category_idx]) + "</td>\n" ;
						} else {
							table_body_row += "      <td>" + pData[data_idx][category_idx] + "</td>\n" ;
						}
					}
					table_body += "    <tr>\n" + table_body_row + "    </tr>\n" ;
				}
				table_body = "  <tbody>\n" + table_body + "  </tbody>\n" ;

				return '<table class="table table-striped table-bordered">\n' + table_header + table_body + "</table>\n" ;
			}
			 
			 /**
			  * Returns hash use to init HightChart object (without 'type'). 
			  * @param pTitle {String} The title of the chart.
			  * @param pXTitle {String} The xAxis title.
			  * @param pYTitle {String} The yAxis title.
			  * @param pXCategories {Array} The title of each category (x scale labels).
			  * @param pData {Array} The HightChart series.
			  * @return {Hash} The hash.
			  * @warning This method use HightChart xAxis.categories.
			  */
			 var chartplot = function( pTitle, pXTitle, pYTitle, pXCategories, pData ) {
			 	var chart = {
			 	        title: {
			 	            text: pTitle
			 	        },
			 	        xAxis: {},
			 	        yAxis: {
			 	            title: {
			 	                text: pYTitle
			 	            }
			 	        },
			 	        series: pData,
			 	        credits: {
			 	        	enabled: false
			 	        }
			 	}
			 	if( pXCategories != null ){
			 		chart['xAxis']['categories'] = pXCategories ;
			 	}
			 	if( pXTitle != null ){
			 		chart['xAxis']['title'] = { text: pXTitle } ;
			 	}
			 	if( pData.length <= 1 ) {
			 		chart['legend'] = {'enabled': false};
			 	} else {
			 		chart['legend'] = {'enabled': true};
			 	}
			 	return chart ;
			 }
			
			var pie_param = function( pTitle, pData, unity ) {
				var series = [{
	                type: 'pie',
	                name: unity,
	                data: pData
            	}]
				var plot = chartplot( pTitle, null, null, null, series );
				plot['tooltip'] = {
		            pointFormat: '{series.name}: <b>{point.percentage:.1f}%</b>'
		        };
				plot['plotOptions'] = {
		            pie: {
		                allowPointSelect: true,
		                cursor: 'pointer',
		                dataLabels: {
		                    enabled: true,
		                    format: '<b>{point.name}</b>: {point.y:,.0f}',
		                    style: {
		                        color: (Highcharts.theme && Highcharts.theme.contrastTextColor) || 'black'
		                    }
		                }
		            }
		        };
				return plot ;
			};

				
			$(function() {
				var detection_categories = ["Taxonomic Information", "Abundance Number", "% with abundance total", "Sequence length"] ;
				var detection_series = [] ;
				var remove_info = {"otu_removed": 0, "abundance_removed": 0, "abundance_kept": 75903, "otu_kept": 86, "number_otu_all": 86, "number_abundance_all": 75903} ;	
                // Remove alert
				$('#js-alert').remove();
				$('#content').removeClass("hidden");
				
				// Radialize the colors
				/*
			    Highcharts.getOptions().colors = Highcharts.map(Highcharts.getOptions().colors, function (color) {
			        return {
			            radialGradient: { cx: 0.5, cy: 0.3, r: 0.7 },
			            stops: [
			                [0, color],
			                [1, Highcharts.Color(color).brighten(-0.3).get('rgb')] // darken
			            ]
			        };
			    });
			    */
				
			 	// Display summary
				var nb_otu = [
					['In Tree', remove_info['otu_kept']],
					['Out of Tree', remove_info['otu_removed']]
				];
				$('#nb-otu').highcharts( pie_param('OTUs', nb_otu, 'OTUs') );
				var nb_abundance = [
  					['In Tree', remove_info['abundance_kept']],
  					['Out of Tree', remove_info['abundance_removed']]
  				];
				$('#nb-abundance').highcharts( pie_param('Abundance', nb_abundance, 'Sequences') );
				
				// Display failed OTUs table
				var table_categories = detection_categories.slice() ;
				table_categories.unshift( "OTU Name" );
				var table_series = new Array();
				for( var spl_idx = 0 ; spl_idx < detection_series.length ; spl_idx++ ){
					var nb_by_step = detection_series[spl_idx]['data'].slice() ;
					nb_by_step.unshift( detection_series[spl_idx]['name'] );
					table_series.push( nb_by_step );
				};
				$('#OTUs-fail').append( table(table_categories, table_series) );
				$('#OTUs-fail table').prop( 'id', 'details-table' );
				$('#OTUs-fail table').DataTable({
					dom: 	"<'#details-csv-export'><'row'<'col-sm-5'l><'col-sm-7'f>>" +
							"<'row'<'col-sm-12'tr>>" +
							"<'row'<'col-sm-5'i><'col-sm-7'p>>"
				});
				$('#details-csv-export').html( '<button class="btn"><span class="fa fa-download" aria-hidden="true"> CSV</span></button>' );
				$('#details-csv-export').addClass( 'dataTables_filter' );
				$('#details-csv-export').datatableExport({
					'table_id': "details-table"
				});
                //// Construct tree object
                var tree = Phylocanvas.createTree('phylocanvas');
                tree.setTreeType('rectangular');
                tree.alignLabels = true;
                tree.setNodeSize(12);
                tree.setTextSize(12);
                tree.lineWidth = 1.5;
                tree.disableZoom = true;
                $('#myonoffswitch').change(function() {
                    if(this.checked) {
                        tree.disableZoom = false;
                    } else {
                        tree.disableZoom = true;
                    }
                });
                tree.branchColour = "#8EADAC";
                tree.selectedColour = "#DE9F73";
                tree.load('(((((((((((Cluster_21 Bacteria Aquificae Aquificae Hydrogenothermales Hydrogenothermaceae Sulfurihydrogenibium Sulfurihydrogenibium subterraneum:0.06237,Cluster_73 Bacteria Aquificae Aquificae Aquificales Aquificaceae Hydrogenivirga Hydrogenivirga caldilitoris:0.26943)0.988:0.11284,Cluster_69 Bacteria Nitrospirae Thermodesulfovibrionia Thermodesulfovibrionales Thermodesulfovibrionaceae Thermodesulfovibrio Multi-affiliation:0.14304)0.886:0.05246,Cluster_87 Bacteria Firmicutes Clostridia Thermoanaerobacterales Family III Caldicellulosiruptor unidentified Anaerocellum group bacteria:0.15193)0.282:0.03281,(Cluster_9 Bacteria Chloroflexi Dehalococcoidia Dehalococcoidales Dehalococcoidaceae Dehalococcoides Multi-affiliation:0.2004,Cluster_84 Bacteria Caldiserica Caldisericia Caldisericales Caldisericaceae Caldisericum Caldisericum exile AZM16c01:0.19792)0.822:0.02869)0.936:0.0445,(Cluster_88 Bacteria Firmicutes Bacilli Bacillales Alicyclobacillaceae Alicyclobacillus Alicyclobacillus acidocaldarius:0.13452,(Cluster_56 Bacteria Firmicutes Erysipelotrichia Erysipelotrichales Erysipelotrichaceae Sharpea Multi-affiliation:0.22169,Cluster_67 Bacteria Spirochaetes Spirochaetia Spirochaetales Spirochaetaceae Sphaerochaeta Multi-affiliation:0.24028)0.816:0.05175)0.959:0.0728)0.797:0.03341,(Cluster_89 Bacteria Synergistetes Synergistia Synergistales Synergistaceae Cloacibacillus Cloacibacillus evryensis:0.21579,(Cluster_5 Bacteria Thermotogae Thermotogae Petrotogales Petrotogaceae Petrotoga Petrotoga miotherma:0.41188,Cluster_46 Bacteria Firmicutes Clostridia Thermoanaerobacterales Family III Tepidanaerobacter Multi-affiliation:0.06308)0.727:0.06401)0.86:0.03424)0.058:0.011,Cluster_19 Bacteria Firmicutes Clostridia Thermoanaerobacterales Thermoanaerobacteraceae Caloribacterium Caloribacterium cisternae:0.17039)0.785:0.03226,(((Cluster_36 Bacteria Firmicutes Clostridia Clostridiales Clostridiaceae 1 Clostridium sensu stricto 1 Multi-affiliation:0.10381,Cluster_74 Bacteria Firmicutes Clostridia Clostridiales Peptostreptococcaceae Filifactor Filifactor villosus:0.13689)0.585:0.0376,(Cluster_34 Bacteria Firmicutes Clostridia Clostridiales Lachnospiraceae Lachnoanaerobaculum Lachnoanaerobaculum umeaense:0.1269,(Cluster_2 Bacteria Fibrobacteres Fibrobacteria Fibrobacterales Fibrobacteraceae Fibrobacter Fibrobacter succinogenes:0.26719,Cluster_65 Bacteria Firmicutes Clostridia Clostridiales Ruminococcaceae Faecalibacterium Multi-affiliation:0.11298)0.902:0.0733)0.634:0.03979)0.826:0.02254,Cluster_44 Bacteria Firmicutes Clostridia Clostridiales Family XVII Sulfobacillus Multi-affiliation:0.32446)0:0.00055)0.815:0.02386,(Cluster_54 Bacteria Spirochaetes Leptospirae Leptospirales Leptospiraceae Leptospira Multi-affiliation:0.17114,Cluster_58 Bacteria Acidobacteria Acidobacteriia Solibacterales Solibacteraceae (Subgroup 3) Bryobacter Bryobacter aggregatus:0.20547)0.897:0.05568)0.723:0.01065,(Cluster_32 Bacteria Chlamydiae Chlamydiae Chlamydiales Chlamydiaceae Chlamydia Multi-affiliation:0.29143,Cluster_35 Bacteria Deinococcus-Thermus Deinococci Deinococcales Deinococcaceae Deinococcus Deinococcus radiodurans:0.24135)0.838:0.05235)0.056:0.017145,((((Cluster_26 Bacteria Spirochaetes Brachyspirae Brachyspirales Brachyspiraceae Brachyspira Brachyspira aalborgi:0.27288,Cluster_94 Bacteria Verrucomicrobia Verrucomicrobiae Verrucomicrobiales Rubritaleaceae Roseibacillus Roseibacillus ishigakijimensis:0.20827)0.869:0.06128,(Cluster_83 Bacteria Lentisphaerae Oligosphaeria Oligosphaerales Oligosphaeraceae Oligosphaera Multi-affiliation:0.19175,Cluster_45 Bacteria Cyanobacteria Oxyphotobacteria Synechococcales Cyanobiaceae Prochlorococcus MIT9313 Multi-affiliation:0.18426)0.153:0.0414)0.962:0.0626,((((Cluster_22 Bacteria Tenericutes Mollicutes Mycoplasmatales Mycoplasmataceae Ureaplasma Multi-affiliation:0.27765,(Cluster_25 Bacteria Firmicutes Bacilli Lactobacillales Streptococcaceae Lactovum Lactovum miscens:0.15535,Cluster_93 Bacteria Firmicutes Bacilli Lactobacillales Leuconostocaceae Leuconostoc Multi-affiliation:0.05545)0.833:0.03177)0.855:0.03889,((Cluster_55 Bacteria Firmicutes Bacilli Lactobacillales Lactobacillaceae Lactobacillus Multi-affiliation:0.08734,(Cluster_3 Bacteria Firmicutes Bacilli Bacillales Staphylococcaceae Nosocomiicoccus Nosocomiicoccus ampullae:0.00054,Cluster_113 Bacteria Firmicutes Bacilli Bacillales Staphylococcaceae Nosocomiicoccus Nosocomiicoccus ampullae:0.00055)1:0.08513)0.895:0.03236,Cluster_76 Bacteria Firmicutes Erysipelotrichia Erysipelotrichales Erysipelotrichaceae Allobaculum Allobaculum stercoricanis:0.17594)0.165:0.01063)0.841:0.0385,Cluster_50 Bacteria Firmicutes Bacilli Bacillales Family XII Exiguobacterium Multi-affiliation:0.09994)0.958:0.07439,Cluster_66 Bacteria Firmicutes Negativicutes Selenomonadales Veillonellaceae Allisonella Multi-affiliation:0.18837)0.644:0.0175)0.965:0.05037,(((Cluster_29 Bacteria Actinobacteria Coriobacteriia Coriobacteriales Eggerthellaceae Enterorhabdus Enterorhabdus mucosicola:0.19368,((Cluster_24 Bacteria Actinobacteria Actinobacteria Propionibacteriales Propionibacteriaceae Propioniciclava Propioniciclava tarda:0.14287,((Cluster_12 Bacteria Actinobacteria Actinobacteria Micrococcales Dermacoccaceae Branchiibius Branchiibius cervicis:0.05775,Cluster_13 Bacteria Actinobacteria Actinobacteria Streptomycetales Streptomycetaceae Kitasatospora Kitasatospora setae:0.05558)0:0.01848,((Cluster_79 Bacteria Actinobacteria Actinobacteria Micrococcales Microbacteriaceae Gryllotalpicola Gryllotalpicola koreensis:0.07569,(Cluster_27 Bacteria Actinobacteria Actinobacteria Corynebacteriales Mycobacteriaceae Mycobacterium Multi-affiliation:0.07721,Cluster_78 Bacteria Actinobacteria Actinobacteria Pseudonocardiales Pseudonocardiaceae Saccharomonospora Multi-affiliation:0.04835)0.782:0.01041)0.862:0.02175,(Cluster_1 Bacteria Actinobacteria Actinobacteria Bifidobacteriales Bifidobacteriaceae Alloscardovia Alloscardovia criceti:0.10688,(Cluster_16 Bacteria Actinobacteria Actinobacteria Actinomycetales Actinomycetaceae Varibaculum Varibaculum cambriense:0.10307,Cluster_92 Bacteria Actinobacteria Actinobacteria Glycomycetales Glycomycetaceae Haloglycomyces Haloglycomyces albus:0.1505)0.834:0.03408)0.938:0.04675)0.391:0.00668)0.93:0.04736)0.982:0.06501,Cluster_52 Bacteria Actinobacteria Thermoleophilia Solirubrobacterales Solirubrobacteraceae Patulibacter Patulibacter minatonensis:0.11521)0.763:0.01354)0.85:0.02477,(Cluster_80 Bacteria Fusobacteria Fusobacteriia Fusobacteriales Fusobacteriaceae Fusobacterium Multi-affiliation:0.28666,((Cluster_75 Bacteria Bacteroidetes Bacteroidia Flavobacteriales Weeksellaceae Cruoricaptor Cruoricaptor ignavus:0.17061,(Cluster_7 Bacteria Bacteroidetes Bacteroidia Cytophagales Spirosomaceae Persicitalea Persicitalea jodogahamensis:0.17115,(Cluster_72 Bacteria Bacteroidetes Bacteroidia Cytophagales Spirosomaceae Fibrisoma Multi-affiliation:0.16758,Cluster_97 Bacteria Bacteroidetes Bacteroidia Chitinophagales Chitinophagaceae Niabella Niabella aurantiaca:0.16644)0.965:0.07692)0.579:0.02846)0.919:0.0433,(Cluster_18 Bacteria Bacteroidetes Bacteroidia Bacteroidales Prevotellaceae Prevotella 7 Multi-affiliation:0.32459,Cluster_86 Bacteria Bacteroidetes Bacteroidia Cytophagales Cyclobacteriaceae Fontibacter Multi-affiliation:0.1322)0.713:0.01606)1:0.19644)0.3:0.03037)0.927:0.04313,((((((((Cluster_61 Bacteria Proteobacteria Gammaproteobacteria Cellvibrionales Halieaceae Congregibacter Congregibacter litoralis KT71:0.12143,(Cluster_41 Bacteria Proteobacteria Gammaproteobacteria Aeromonadales Succinivibrionaceae Succinivibrio Succinivibrio dextrinosolvens:0.11725,Cluster_70 Bacteria Proteobacteria Gammaproteobacteria Pasteurellales Pasteurellaceae Gallibacterium Multi-affiliation:0.12397)0.945:0.07782)0.289:0.00054,Cluster_99 Bacteria Proteobacteria Gammaproteobacteria Thiomicrospirales Thiomicrospiraceae Galenea Galenea microaerophila:0.0828)0.933:0.02424,Cluster_42 Bacteria Proteobacteria Gammaproteobacteria Pseudomonadales Pseudomonadaceae Azorhizophilus Azorhizophilus paspali:0.10375)0.81:0.01906,(Cluster_39 Bacteria Proteobacteria Gammaproteobacteria Alteromonadales Idiomarinaceae Aliidiomarina Aliidiomarina taiwanensis:0.09587,Cluster_60 Bacteria Proteobacteria Gammaproteobacteria Oceanospirillales Halomonadaceae Kushneria Kushneria aurantia:0.09789)0.911:0.03525)0.93:0.03511,(Cluster_38 Bacteria Proteobacteria Gammaproteobacteria Xanthomonadales Xanthomonadaceae Silanimonas Silanimonas lenta:0.07759,(((Cluster_4 Bacteria Proteobacteria Gammaproteobacteria Pseudomonadales Moraxellaceae Psychrobacter Psychrobacter immobilis:0.11011,Cluster_68 Bacteria Proteobacteria Gammaproteobacteria Francisellales Francisellaceae Fangia Fangia hongkongensis:0.12357)0.719:0.0541,(Cluster_51 Bacteria Proteobacteria Gammaproteobacteria Diplorickettsiales Diplorickettsiaceae Diplorickettsia Multi-affiliation:0.15037,Cluster_77 Bacteria Proteobacteria Gammaproteobacteria Salinisphaerales Solimonadaceae Solimonas Solimonas soli:0.06915)0.849:0.03594)0.848:0.02215,((Cluster_53 Bacteria Proteobacteria Gammaproteobacteria Betaproteobacteriales Burkholderiaceae Verminephrobacter Verminephrobacter eiseniae EF01-2:0.1211,Cluster_59 Bacteria Proteobacteria Gammaproteobacteria Betaproteobacteriales Burkholderiaceae Thiomonas Thiomonas intermedia:0.05891)0.784:0.01367,(Cluster_85 Bacteria Proteobacteria Gammaproteobacteria Betaproteobacteriales Neisseriaceae Eikenella Multi-affiliation:0.10573,Cluster_91 Bacteria Proteobacteria Gammaproteobacteria Betaproteobacteriales Burkholderiaceae Oligella Multi-affiliation:0.10061)0.459:0.027)1:0.08313)0.349:0.01958)0.877:0.02842)0.843:0.02279,((Cluster_47 Bacteria Proteobacteria Alphaproteobacteria Acetobacterales Acetobacteraceae Saccharibacter Multi-affiliation:0.10558,Cluster_64 Bacteria Proteobacteria Alphaproteobacteria Rhodovibrionales Fodinicurvataceae Limimonas Limimonas halophila:0.08253)0.228:0.02306,((Cluster_11 Bacteria Proteobacteria Alphaproteobacteria Caulobacterales Hyphomonadaceae Henriciella Henriciella marina:0.07035,Cluster_37 Bacteria Proteobacteria Alphaproteobacteria Caulobacterales Caulobacteraceae Asticcacaulis Multi-affiliation:0.10167)0.906:0.0364,((Cluster_6 Bacteria Proteobacteria Alphaproteobacteria Rhizobiales Rhizobiaceae Pseudahrensia Pseudahrensia aquimaris:0.046,Cluster_81 Bacteria Proteobacteria Alphaproteobacteria Rhodobacterales Rhodobacteraceae Pacificibacter Pacificibacter maritimus:0.06479)0.99:0.05721,(Cluster_30 Bacteria Proteobacteria Alphaproteobacteria Rhizobiales Xanthobacteraceae Multi-affiliation Multi-affiliation:0.0974,Cluster_90 Bacteria Proteobacteria Alphaproteobacteria Sphingomonadales Sphingomonadaceae Sphingomicrobium Sphingomicrobium lutaoense:0.07987)0.755:0.019)0.718:0.00985)0.963:0.05064)0.947:0.05683)0.969:0.05379,(Cluster_49 Bacteria Proteobacteria Deltaproteobacteria Myxococcales Myxococcaceae Pyxidicoccus Multi-affiliation:0.16271,((Cluster_14 Bacteria Proteobacteria Deltaproteobacteria Bdellovibrionales Bacteriovoracaceae Peredibacter Peredibacter starrii:0.17,Cluster_82 Bacteria Epsilonbacteraeota Campylobacteria Campylobacterales Helicobacteraceae Helicobacter Multi-affiliation:0.16214)0.706:0.0545,(Cluster_23 Bacteria Deferribacteres Deferribacteres Deferribacterales Deferribacteraceae Denitrovibrio Multi-affiliation:0.17345,Cluster_48 Bacteria Bacteroidetes Chlorobia Chlorobiales Chloroherpetonaceae Chloroherpeton Chloroherpeton thalassium ATCC 35110:0.21749)0.822:0.05865)0.807:0.03968)0.528:0.02448)0.891:0.04099,(Cluster_8 Bacteria Proteobacteria Deltaproteobacteria Bdellovibrionales Bdellovibrionaceae Bdellovibrio Multi-affiliation:0.26435,(Cluster_28 Bacteria Proteobacteria Deltaproteobacteria Desulfobacterales Desulfobacteraceae Desulfobacter Multi-affiliation:0.14366,Cluster_31 Bacteria Proteobacteria Deltaproteobacteria Syntrophobacterales Syntrophobacteraceae Thermodesulforhabdus Multi-affiliation:0.1245)0.788:0.03578)0.667:0.00814)0.348:0.01892)0.832:0.02045)0.056:0.009325)NA;');
                tree.backColour = true;
                tree.draw();
			});
		</script>
        <script>
            $(document).ready(function() { $('div:empty').remove(); });
        </script>
	</head>
	<body>
		<!-- Alert -->
		<p id="js-alert" class="alert alert-warning">
			javascript is needed to display data.<br />
			If you try to view this data on galaxy please contact your administrator to authorise javascript or download the file to view.
		</p>
		
		<!-- Content -->
		<div id="content" class="hidden">
            <h2 class="pb-2 mt-4 mb-2 border-bottom">Summary</h2>
            <div class="row">
                <div id="nb-otu" class="col-md-6"></div>
                <div id="nb-abundance" class="col-md-6"></div>
            </div>
            <div id="OTUs-fail" style="display:none;">
            	<h2 class="pb-2 mt-4 mb-2 border-bottom">Table of failed OTUs</h2>
            </div>
            <h1 class="page-header">Tree View
                <h5>Enabling zoom:</h5>
            </h1>
            <div class="onoffswitch">
	            <input type="checkbox" name="onoffswitch" class="onoffswitch-checkbox" id="myonoffswitch">
	            <label class="onoffswitch-label" for="myonoffswitch">
	                <span class="onoffswitch-inner"></span>
	                <span class="onoffswitch-switch"></span>
	            </label>
        	</div>
            <div id="phylocanvas"></div>
        </div>
     </body>
</html>
